2026-05-27 14:55:01,563 - INFO - Downloading 20MICRONS.NS
2026-05-27 14:55:03,233 - INFO - Saved: data\20MICRONS.NS.csv
2026-05-27 14:55:03,234 - INFO - Downloading 21STCENMGM.NS
2026-05-27 14:55:06,468 - INFO - Saved: data\21STCENMGM.NS.csv
2026-05-27 14:55:06,469 - INFO - Downloading 360ONE.NS
2026-05-27 14:55:07,320 - INFO - Saved: data\360ONE.NS.csv
2026-05-27 14:55:07,321 - INFO - Downloading 3BBLACKBIO.NS
2026-05-27 14:55:08,413 - INFO - Saved: data\3BBLACKBIO.NS.csv
2026-05-27 14:55:08,414 - INFO - Downloading 3IINFOLTD.NS
2026-05-27 14:55:09,250 - INFO - Saved: data\3IINFOLTD.NS.csv
2026-05-27 14:55:09,250 - INFO - Downloading 3MINDIA.NS
2026-05-27 14:55:10,216 - INFO - Saved: data\3MINDIA.NS.csv
2026-05-27 14:55:10,217 - INFO - Downloading 3PLAND.NS
2026-05-27 14:55:11,020 - INFO - Saved: data\3PLAND.NS.csv
2026-05-27 14:55:11,021 - INFO - Downloading 5PAISA.NS
2026-05-27 14:55:11,727 - INFO - Saved: data\5PAISA.NS.csv
2026-05-27 14:55:11,727 - INFO - Downloading 63MOONS.NS
2026-05-27 14:55:12,581 - INFO - Saved: data\63MOONS.NS.csv
2026-05-27 14:55:12,583 - INFO - Downloading A2ZINFRA.NS
2026-05-27 14:55:13,595 - INFO - Saved: data\A2ZINFRA.NS.csv
2026-05-27 14:55:13,596 - INFO - Downloading AAATECH.NS
2026-05-27 14:55:14,437 - INFO - Saved: data\AAATECH.NS.csv
2026-05-27 14:55:14,437 - INFO - Downloading AADHARHFC.NS
2026-05-27 14:55:15,242 - INFO - Saved: data\AADHARHFC.NS.csv
2026-05-27 14:55:15,242 - INFO - Downloading AAKASH.NS
2026-05-27 14:55:16,024 - INFO - Saved: data\AAKASH.NS.csv
2026-05-27 14:55:16,024 - INFO - Downloading AAREYDRUGS.NS
2026-05-27 14:55:16,822 - INFO - Saved: data\AAREYDRUGS.NS.csv
2026-05-27 14:55:16,822 - INFO - Downloading AARNAV.NS
2026-05-27 14:55:17,634 - INFO - Saved: data\AARNAV.NS.csv
2026-05-27 14:55:17,635 - INFO - Downloading AARON.NS
2026-05-27 14:55:18,400 - INFO - Saved: data\AARON.NS.csv
2026-05-27 14:55:18,401 - INFO - Downloading AARTECH.NS
2026-05-27 14:55:19,397 - INFO - Saved: data\AARTECH.NS.csv
2026-05-27 14:55:19,397 - INFO - Downloading AARTIDRUGS.NS
2026-05-27 14:55:20,405 - INFO - Saved: data\AARTIDRUGS.NS.csv
2026-05-27 14:55:20,405 - INFO - Downloading AARTIIND.NS
2026-05-27 14:55:21,284 - INFO - Saved: data\AARTIIND.NS.csv
2026-05-27 14:55:21,285 - INFO - Downloading AARTIPHARM.NS
2026-05-27 14:55:22,119 - INFO - Saved: data\AARTIPHARM.NS.csv
2026-05-27 14:55:22,119 - INFO - Downloading AARTISURF.NS
2026-05-27 14:55:22,967 - INFO - Saved: data\AARTISURF.NS.csv
2026-05-27 14:55:22,968 - INFO - Downloading AARVI.NS
2026-05-27 14:55:23,909 - INFO - Saved: data\AARVI.NS.csv
2026-05-27 14:55:23,910 - INFO - Downloading AAVAS.NS
2026-05-27 14:55:24,638 - INFO - Saved: data\AAVAS.NS.csv
2026-05-27 14:55:24,638 - INFO - Downloading ABANSENT.NS
2026-05-27 14:55:25,363 - INFO - Saved: data\ABANSENT.NS.csv
2026-05-27 14:55:25,364 - INFO - Downloading ABB.NS
2026-05-27 14:55:26,142 - INFO - Saved: data\ABB.NS.csv
2026-05-27 14:55:26,143 - INFO - Downloading ABBOTINDIA.NS
2026-05-27 14:55:27,203 - INFO - Saved: data\ABBOTINDIA.NS.csv
2026-05-27 14:55:27,203 - INFO - Downloading ABCAPITAL.NS
2026-05-27 14:55:27,874 - INFO - Saved: data\ABCAPITAL.NS.csv
2026-05-27 14:55:27,874 - INFO - Downloading ABCOTS.NS
2026-05-27 14:55:28,688 - INFO - Saved: data\ABCOTS.NS.csv
2026-05-27 14:55:28,689 - INFO - Downloading ABDL.NS
2026-05-27 14:55:29,975 - INFO - Saved: data\ABDL.NS.csv
2026-05-27 14:55:29,975 - INFO - Downloading ABFRL.NS
2026-05-27 14:55:30,869 - INFO - Saved: data\ABFRL.NS.csv
2026-05-27 14:55:30,869 - INFO - Downloading ABINFRA.NS
2026-05-27 14:55:31,608 - INFO - Saved: data\ABINFRA.NS.csv
2026-05-27 14:55:31,609 - INFO - Downloading ABLBL.NS
2026-05-27 14:55:32,408 - INFO - Saved: data\ABLBL.NS.csv
2026-05-27 14:55:32,409 - INFO - Downloading ABMINTLLTD.NS
2026-05-27 14:55:33,155 - INFO - Saved: data\ABMINTLLTD.NS.csv
2026-05-27 14:55:33,156 - INFO - Downloading ABMKNO.NS
2026-05-27 14:55:33,960 - INFO - Saved: data\ABMKNO.NS.csv
2026-05-27 14:55:33,960 - INFO - Downloading ABREL.NS
2026-05-27 14:55:34,878 - INFO - Saved: data\ABREL.NS.csv
2026-05-27 14:55:34,878 - INFO - Downloading ABSLAMC.NS
2026-05-27 14:55:35,613 - INFO - Saved: data\ABSLAMC.NS.csv
2026-05-27 14:55:35,614 - INFO - Downloading ACC.NS
2026-05-27 14:55:36,438 - INFO - Saved: data\ACC.NS.csv
2026-05-27 14:55:36,439 - INFO - Downloading ACCELYA.NS
2026-05-27 14:55:37,256 - INFO - Saved: data\ACCELYA.NS.csv
2026-05-27 14:55:37,256 - INFO - Downloading ACCURACY.NS
2026-05-27 14:55:38,019 - INFO - Saved: data\ACCURACY.NS.csv
2026-05-27 14:55:38,019 - INFO - Downloading ACE.NS
2026-05-27 14:55:39,007 - INFO - Saved: data\ACE.NS.csv
2026-05-27 14:55:39,007 - INFO - Downloading ACEINTEG.NS
2026-05-27 14:55:39,841 - INFO - Saved: data\ACEINTEG.NS.csv
2026-05-27 14:55:39,841 - INFO - Downloading ACI.NS
2026-05-27 14:55:40,722 - INFO - Saved: data\ACI.NS.csv
2026-05-27 14:55:40,722 - INFO - Downloading ACL.NS
2026-05-27 14:55:41,482 - INFO - Saved: data\ACL.NS.csv
2026-05-27 14:55:41,483 - INFO - Downloading ACMESOLAR.NS
2026-05-27 14:55:42,438 - INFO - Saved: data\ACMESOLAR.NS.csv
2026-05-27 14:55:42,438 - INFO - Downloading ACSTECH.NS
2026-05-27 14:55:43,280 - INFO - Saved: data\ACSTECH.NS.csv
2026-05-27 14:55:43,281 - INFO - Downloading ACUTAAS.NS
2026-05-27 14:55:44,080 - INFO - Saved: data\ACUTAAS.NS.csv
2026-05-27 14:55:44,080 - INFO - Downloading ADANIENSOL.NS
2026-05-27 14:55:44,897 - INFO - Saved: data\ADANIENSOL.NS.csv
2026-05-27 14:55:44,898 - INFO - Downloading ADANIENT.NS
2026-05-27 14:55:45,942 - INFO - Saved: data\ADANIENT.NS.csv
2026-05-27 14:55:45,943 - INFO - Downloading ADANIGREEN.NS
2026-05-27 14:55:46,727 - INFO - Saved: data\ADANIGREEN.NS.csv
2026-05-27 14:55:46,728 - INFO - Downloading ADANIPORTS.NS
2026-05-27 14:55:47,499 - INFO - Saved: data\ADANIPORTS.NS.csv
2026-05-27 14:55:47,499 - INFO - Downloading ADANIPOWER.NS
2026-05-27 14:55:48,274 - INFO - Saved: data\ADANIPOWER.NS.csv
2026-05-27 14:55:48,274 - INFO - Downloading ADFFOODS.NS
2026-05-27 14:55:49,121 - INFO - Saved: data\ADFFOODS.NS.csv
2026-05-27 14:55:49,122 - INFO - Downloading ADL.NS
2026-05-27 14:55:50,046 - INFO - Saved: data\ADL.NS.csv
2026-05-27 14:55:50,046 - INFO - Downloading ADOR.NS
2026-05-27 14:55:50,828 - INFO - Saved: data\ADOR.NS.csv
2026-05-27 14:55:50,828 - INFO - Downloading ADROITINFO.NS
2026-05-27 14:55:51,621 - INFO - Saved: data\ADROITINFO.NS.csv
2026-05-27 14:55:51,621 - INFO - Downloading ADSL.NS
2026-05-27 14:55:52,350 - INFO - Saved: data\ADSL.NS.csv
2026-05-27 14:55:52,350 - INFO - Downloading ADVAIT.NS
2026-05-27 14:55:53,208 - INFO - Saved: data\ADVAIT.NS.csv
2026-05-27 14:55:53,208 - INFO - Downloading ADVANCE.NS
2026-05-27 14:55:54,166 - INFO - Saved: data\ADVANCE.NS.csv
2026-05-27 14:55:54,166 - INFO - Downloading ADVANIHOTR.NS
2026-05-27 14:55:54,917 - INFO - Saved: data\ADVANIHOTR.NS.csv
2026-05-27 14:55:54,917 - INFO - Downloading ADVENTHTL.NS
2026-05-27 14:55:55,698 - INFO - Saved: data\ADVENTHTL.NS.csv
2026-05-27 14:55:55,699 - INFO - Downloading ADVENZYMES.NS
2026-05-27 14:55:56,581 - INFO - Saved: data\ADVENZYMES.NS.csv
2026-05-27 14:55:56,581 - INFO - Downloading AEGISLOG.NS
2026-05-27 14:55:57,801 - INFO - Saved: data\AEGISLOG.NS.csv
2026-05-27 14:55:57,801 - INFO - Downloading AEGISVOPAK.NS
2026-05-27 14:55:58,676 - INFO - Saved: data\AEGISVOPAK.NS.csv
2026-05-27 14:55:58,676 - INFO - Downloading AEPL.NS
2026-05-27 14:55:59,856 - INFO - Saved: data\AEPL.NS.csv
2026-05-27 14:55:59,857 - INFO - Downloading AEQUS.NS
2026-05-27 14:56:00,647 - INFO - Saved: data\AEQUS.NS.csv
2026-05-27 14:56:00,647 - INFO - Downloading AEROENTER.NS
2026-05-27 14:56:01,477 - INFO - Saved: data\AEROENTER.NS.csv
2026-05-27 14:56:01,477 - INFO - Downloading AEROFLEX.NS
2026-05-27 14:56:02,230 - INFO - Saved: data\AEROFLEX.NS.csv
2026-05-27 14:56:02,230 - INFO - Downloading AERONEU.NS
2026-05-27 14:56:03,176 - INFO - Saved: data\AERONEU.NS.csv
2026-05-27 14:56:03,177 - INFO - Downloading AETHER.NS
2026-05-27 14:56:03,895 - INFO - Saved: data\AETHER.NS.csv
2026-05-27 14:56:03,895 - INFO - Downloading AFCONS.NS
2026-05-27 14:56:04,745 - INFO - Saved: data\AFCONS.NS.csv
2026-05-27 14:56:04,746 - INFO - Downloading AFFLE.NS
2026-05-27 14:56:05,469 - INFO - Saved: data\AFFLE.NS.csv
2026-05-27 14:56:05,469 - INFO - Downloading AFFORDABLE.NS
2026-05-27 14:56:06,449 - INFO - Saved: data\AFFORDABLE.NS.csv
2026-05-27 14:56:06,449 - INFO - Downloading AFIL.NS
2026-05-27 14:56:07,254 - INFO - Saved: data\AFIL.NS.csv
2026-05-27 14:56:07,255 - INFO - Downloading AFSL.NS
2026-05-27 14:56:08,125 - INFO - Saved: data\AFSL.NS.csv
2026-05-27 14:56:08,126 - INFO - Downloading AGARIND.NS
2026-05-27 14:56:09,199 - INFO - Saved: data\AGARIND.NS.csv
2026-05-27 14:56:09,200 - INFO - Downloading AGARWALEYE.NS
2026-05-27 14:56:09,964 - INFO - Saved: data\AGARWALEYE.NS.csv
2026-05-27 14:56:09,964 - INFO - Downloading AGI.NS
2026-05-27 14:56:10,760 - INFO - Saved: data\AGI.NS.csv
2026-05-27 14:56:10,760 - INFO - Downloading AGIIL.NS
2026-05-27 14:56:11,624 - INFO - Saved: data\AGIIL.NS.csv
2026-05-27 14:56:11,625 - INFO - Downloading AGRITECH.NS
2026-05-27 14:56:12,406 - INFO - Saved: data\AGRITECH.NS.csv
2026-05-27 14:56:12,406 - INFO - Downloading AGROPHOS.NS
2026-05-27 14:56:13,185 - INFO - Saved: data\AGROPHOS.NS.csv
2026-05-27 14:56:13,186 - INFO - Downloading AHCL.NS
2026-05-27 14:56:13,949 - INFO - Saved: data\AHCL.NS.csv
2026-05-27 14:56:13,949 - INFO - Downloading AHLADA.NS
2026-05-27 14:56:14,856 - INFO - Saved: data\AHLADA.NS.csv
2026-05-27 14:56:14,857 - INFO - Downloading AHLEAST.NS
2026-05-27 14:56:15,955 - INFO - Saved: data\AHLEAST.NS.csv
2026-05-27 14:56:15,956 - INFO - Downloading AHLUCONT.NS
2026-05-27 14:56:16,783 - INFO - Saved: data\AHLUCONT.NS.csv
2026-05-27 14:56:16,783 - INFO - Downloading AHLWEST.NS
2026-05-27 14:56:17,618 - INFO - Saved: data\AHLWEST.NS.csv
2026-05-27 14:56:17,618 - INFO - Downloading AIAENG.NS
2026-05-27 14:56:18,736 - INFO - Saved: data\AIAENG.NS.csv
2026-05-27 14:56:18,736 - INFO - Downloading AIIL.NS
2026-05-27 14:56:19,619 - INFO - Saved: data\AIIL.NS.csv
2026-05-27 14:56:19,619 - INFO - Downloading AIRAN.NS
2026-05-27 14:56:20,437 - INFO - Saved: data\AIRAN.NS.csv
2026-05-27 14:56:20,438 - INFO - Downloading AIROLAM.NS
2026-05-27 14:56:21,205 - INFO - Saved: data\AIROLAM.NS.csv
2026-05-27 14:56:21,205 - INFO - Downloading AJANTPHARM.NS
2026-05-27 14:56:22,055 - INFO - Saved: data\AJANTPHARM.NS.csv
2026-05-27 14:56:22,055 - INFO - Downloading AJAXENGG.NS
2026-05-27 14:56:22,945 - INFO - Saved: data\AJAXENGG.NS.csv
2026-05-27 14:56:22,945 - INFO - Downloading AJMERA.NS
2026-05-27 14:56:23,720 - INFO - Saved: data\AJMERA.NS.csv
2026-05-27 14:56:23,720 - INFO - Downloading AJOONI.NS
2026-05-27 14:56:24,466 - INFO - Saved: data\AJOONI.NS.csv
2026-05-27 14:56:24,466 - INFO - Downloading AKASH.NS
2026-05-27 14:56:25,561 - INFO - Saved: data\AKASH.NS.csv
2026-05-27 14:56:25,561 - INFO - Downloading AKCAPIT.NS
2026-05-27 14:56:26,324 - INFO - Saved: data\AKCAPIT.NS.csv
2026-05-27 14:56:26,324 - INFO - Downloading AKG.NS
2026-05-27 14:56:27,206 - INFO - Saved: data\AKG.NS.csv
2026-05-27 14:56:27,207 - INFO - Downloading AKI.NS
2026-05-27 14:56:28,031 - INFO - Saved: data\AKI.NS.csv
2026-05-27 14:56:28,031 - INFO - Downloading AKSHAR.NS
2026-05-27 14:56:28,885 - INFO - Saved: data\AKSHAR.NS.csv
2026-05-27 14:56:28,886 - INFO - Downloading AKSHARCHEM.NS
2026-05-27 14:56:29,570 - INFO - Saved: data\AKSHARCHEM.NS.csv
2026-05-27 14:56:29,570 - INFO - Downloading AKSHOPTFBR.NS
2026-05-27 14:56:30,612 - INFO - Saved: data\AKSHOPTFBR.NS.csv
2026-05-27 14:56:30,612 - INFO - All individual CSV files downloaded successfully.
2026-05-27 15:50:00,649 - INFO - Downloading RELIANCE.NS
2026-05-27 15:50:04,095 - INFO - Saved: data\RELIANCE.NS.csv
2026-05-27 15:50:04,097 - INFO - Downloading FAKESTOCK.NS
2026-05-27 15:50:08,650 - ERROR - HTTP Error 404: {"quoteSummary":{"result":null,"error":{"code":"Not Found","description":"Quote not found for symbol: FAKESTOCK.NS"}}}
2026-05-27 15:50:10,400 - ERROR - $FAKESTOCK.NS: possibly delisted; no price data found  (period=1y) (Yahoo error = "No data found, symbol may be delisted")
2026-05-27 15:50:10,409 - ERROR - 
1 Failed download:
2026-05-27 15:50:10,410 - ERROR - ['FAKESTOCK.NS']: possibly delisted; no price data found  (period=1y) (Yahoo error = "No data found, symbol may be delisted")
2026-05-27 15:50:10,444 - INFO - Saved: data\FAKESTOCK.NS.csv
2026-05-27 15:50:10,445 - INFO - Downloading TCS.NS
2026-05-27 15:50:11,402 - INFO - Saved: data\TCS.NS.csv
2026-05-27 15:50:11,403 - INFO - All individual CSV files downloaded successfully.
2026-05-27 16:09:01,619 - INFO - Downloading 20MICRONS.NS
2026-05-27 16:09:03,484 - INFO - Saved: data\20MICRONS.NS.csv
2026-05-27 16:09:03,489 - INFO - Downloading 21STCENMGM.NS
2026-05-27 16:09:04,369 - INFO - Saved: data\21STCENMGM.NS.csv
2026-05-27 16:09:04,371 - INFO - Downloading 360ONE.NS
2026-05-27 16:09:05,289 - INFO - Saved: data\360ONE.NS.csv
2026-05-27 16:09:05,291 - INFO - Downloading 3BBLACKBIO.NS
2026-05-27 16:09:06,157 - INFO - Saved: data\3BBLACKBIO.NS.csv
2026-05-27 16:09:06,159 - INFO - Downloading 3IINFOLTD.NS
2026-05-27 16:09:07,034 - INFO - Saved: data\3IINFOLTD.NS.csv
2026-05-27 16:09:07,035 - INFO - Downloading 3MINDIA.NS
2026-05-27 16:09:07,758 - INFO - Saved: data\3MINDIA.NS.csv
2026-05-27 16:09:07,759 - INFO - Downloading 3PLAND.NS
2026-05-27 16:09:08,619 - INFO - Saved: data\3PLAND.NS.csv
2026-05-27 16:09:08,619 - INFO - Downloading 5PAISA.NS
2026-05-27 16:09:09,363 - INFO - Saved: data\5PAISA.NS.csv
2026-05-27 16:09:09,363 - INFO - Downloading 63MOONS.NS
2026-05-27 16:09:10,197 - INFO - Saved: data\63MOONS.NS.csv
2026-05-27 16:09:10,198 - INFO - Downloading A2ZINFRA.NS
2026-05-27 16:09:11,090 - INFO - Saved: data\A2ZINFRA.NS.csv
2026-05-27 16:09:11,091 - INFO - Downloading AAATECH.NS
2026-05-27 16:09:11,798 - INFO - Saved: data\AAATECH.NS.csv
2026-05-27 16:09:11,798 - INFO - Downloading AADHARHFC.NS
2026-05-27 16:09:12,762 - INFO - Saved: data\AADHARHFC.NS.csv
2026-05-27 16:09:12,765 - INFO - Downloading AAKASH.NS
2026-05-27 16:09:13,537 - INFO - Saved: data\AAKASH.NS.csv
2026-05-27 16:09:13,538 - INFO - Downloading AAREYDRUGS.NS
2026-05-27 16:09:14,625 - INFO - Saved: data\AAREYDRUGS.NS.csv
2026-05-27 16:09:14,625 - INFO - Downloading AARNAV.NS
2026-05-27 16:09:15,391 - INFO - Saved: data\AARNAV.NS.csv
2026-05-27 16:09:15,391 - INFO - Downloading AARON.NS
2026-05-27 16:09:16,167 - INFO - Saved: data\AARON.NS.csv
2026-05-27 16:09:16,168 - INFO - Downloading AARTECH.NS
2026-05-27 16:09:16,996 - INFO - Saved: data\AARTECH.NS.csv
2026-05-27 16:09:16,996 - INFO - Downloading AARTIDRUGS.NS
2026-05-27 16:09:17,844 - INFO - Saved: data\AARTIDRUGS.NS.csv
2026-05-27 16:09:17,847 - INFO - Downloading AARTIIND.NS
2026-05-27 16:09:18,778 - INFO - Saved: data\AARTIIND.NS.csv
2026-05-27 16:09:18,778 - INFO - Downloading AARTIPHARM.NS
2026-05-27 16:09:19,541 - INFO - Saved: data\AARTIPHARM.NS.csv
2026-05-27 16:09:19,542 - INFO - Downloading AARTISURF.NS
2026-05-27 16:09:20,261 - INFO - Saved: data\AARTISURF.NS.csv
2026-05-27 16:09:20,262 - INFO - Downloading AARVI.NS
2026-05-27 16:09:20,967 - INFO - Saved: data\AARVI.NS.csv
2026-05-27 16:09:20,967 - INFO - Downloading AAVAS.NS
2026-05-27 16:09:21,739 - INFO - Saved: data\AAVAS.NS.csv
2026-05-27 16:09:21,740 - INFO - Downloading ABANSENT.NS
2026-05-27 16:09:22,486 - INFO - Saved: data\ABANSENT.NS.csv
2026-05-27 16:09:22,487 - INFO - Downloading ABB.NS
2026-05-27 16:09:23,363 - INFO - Saved: data\ABB.NS.csv
2026-05-27 16:09:23,364 - INFO - Downloading ABBOTINDIA.NS
2026-05-27 16:09:24,140 - INFO - Saved: data\ABBOTINDIA.NS.csv
2026-05-27 16:09:24,144 - INFO - Downloading ABCAPITAL.NS
2026-05-27 16:09:24,913 - INFO - Saved: data\ABCAPITAL.NS.csv
2026-05-27 16:09:24,914 - INFO - Downloading ABCOTS.NS
2026-05-27 16:09:26,668 - INFO - Saved: data\ABCOTS.NS.csv
2026-05-27 16:09:26,670 - INFO - Downloading ABDL.NS
2026-05-27 16:09:27,468 - INFO - Saved: data\ABDL.NS.csv
2026-05-27 16:09:27,469 - INFO - Downloading ABFRL.NS
2026-05-27 16:09:28,416 - INFO - Saved: data\ABFRL.NS.csv
2026-05-27 16:09:28,417 - INFO - Downloading ABINFRA.NS
2026-05-27 16:09:29,209 - INFO - Saved: data\ABINFRA.NS.csv
2026-05-27 16:09:29,209 - INFO - Downloading ABLBL.NS
2026-05-27 16:09:30,128 - INFO - Saved: data\ABLBL.NS.csv
2026-05-27 16:09:30,129 - INFO - Downloading ABMINTLLTD.NS
2026-05-27 16:09:30,909 - INFO - Saved: data\ABMINTLLTD.NS.csv
2026-05-27 16:09:30,910 - INFO - Downloading ABMKNO.NS
2026-05-27 16:09:31,695 - INFO - Saved: data\ABMKNO.NS.csv
2026-05-27 16:09:31,695 - INFO - Downloading ABREL.NS
2026-05-27 16:09:32,534 - INFO - Saved: data\ABREL.NS.csv
2026-05-27 16:09:32,535 - INFO - Downloading ABSLAMC.NS
2026-05-27 16:09:33,350 - INFO - Saved: data\ABSLAMC.NS.csv
2026-05-27 16:09:33,351 - INFO - Downloading ACC.NS
2026-05-27 16:09:34,259 - INFO - Saved: data\ACC.NS.csv
2026-05-27 16:09:34,259 - INFO - Downloading ACCELYA.NS
2026-05-27 16:09:35,017 - INFO - Saved: data\ACCELYA.NS.csv
2026-05-27 16:09:35,017 - INFO - Downloading ACCURACY.NS
2026-05-27 16:09:35,725 - INFO - Saved: data\ACCURACY.NS.csv
2026-05-27 16:09:35,725 - INFO - Downloading ACE.NS
2026-05-27 16:09:36,696 - INFO - Saved: data\ACE.NS.csv
2026-05-27 16:09:36,697 - INFO - Downloading ACEINTEG.NS
2026-05-27 16:09:37,495 - INFO - Saved: data\ACEINTEG.NS.csv
2026-05-27 16:09:37,495 - INFO - Downloading ACI.NS
2026-05-27 16:09:38,216 - INFO - Saved: data\ACI.NS.csv
2026-05-27 16:09:38,216 - INFO - Downloading ACL.NS
2026-05-27 16:09:39,026 - INFO - Saved: data\ACL.NS.csv
2026-05-27 16:09:39,026 - INFO - Downloading ACMESOLAR.NS
2026-05-27 16:09:39,954 - INFO - Saved: data\ACMESOLAR.NS.csv
2026-05-27 16:09:39,955 - INFO - Downloading ACSTECH.NS
2026-05-27 16:09:40,950 - INFO - Saved: data\ACSTECH.NS.csv
2026-05-27 16:09:40,950 - INFO - Downloading ACUTAAS.NS
2026-05-27 16:09:41,817 - INFO - Saved: data\ACUTAAS.NS.csv
2026-05-27 16:09:41,817 - INFO - Downloading ADANIENSOL.NS
2026-05-27 16:09:42,647 - INFO - Saved: data\ADANIENSOL.NS.csv
2026-05-27 16:09:42,648 - INFO - Downloading ADANIENT.NS
2026-05-27 16:09:48,619 - INFO - Saved: data\ADANIENT.NS.csv
2026-05-27 16:09:48,620 - INFO - Downloading ADANIGREEN.NS
2026-05-27 16:09:49,966 - INFO - Saved: data\ADANIGREEN.NS.csv
2026-05-27 16:09:49,966 - INFO - Downloading ADANIPORTS.NS
2026-05-27 16:09:50,903 - INFO - Saved: data\ADANIPORTS.NS.csv
2026-05-27 16:09:50,904 - INFO - Downloading ADANIPOWER.NS
2026-05-27 16:09:51,760 - INFO - Saved: data\ADANIPOWER.NS.csv
2026-05-27 16:09:51,760 - INFO - Downloading ADFFOODS.NS
2026-05-27 16:09:52,510 - INFO - Saved: data\ADFFOODS.NS.csv
2026-05-27 16:09:52,511 - INFO - Downloading ADL.NS
2026-05-27 16:09:53,263 - INFO - Saved: data\ADL.NS.csv
2026-05-27 16:09:53,263 - INFO - Downloading ADOR.NS
2026-05-27 16:09:54,072 - INFO - Saved: data\ADOR.NS.csv
2026-05-27 16:09:54,073 - INFO - Downloading ADROITINFO.NS
2026-05-27 16:09:55,290 - INFO - Saved: data\ADROITINFO.NS.csv
2026-05-27 16:09:55,290 - INFO - Downloading ADSL.NS
2026-05-27 16:09:56,059 - INFO - Saved: data\ADSL.NS.csv
2026-05-27 16:09:56,059 - INFO - Downloading ADVAIT.NS
2026-05-27 16:09:57,432 - INFO - Saved: data\ADVAIT.NS.csv
2026-05-27 16:09:57,432 - INFO - Downloading ADVANCE.NS
2026-05-27 16:09:58,228 - INFO - Saved: data\ADVANCE.NS.csv
2026-05-27 16:09:58,229 - INFO - Downloading ADVANIHOTR.NS
2026-05-27 16:09:59,011 - INFO - Saved: data\ADVANIHOTR.NS.csv
2026-05-27 16:09:59,011 - INFO - Downloading ADVENTHTL.NS
2026-05-27 16:09:59,687 - INFO - Saved: data\ADVENTHTL.NS.csv
2026-05-27 16:09:59,687 - INFO - Downloading ADVENZYMES.NS
2026-05-27 16:10:00,437 - INFO - Saved: data\ADVENZYMES.NS.csv
2026-05-27 16:10:00,437 - INFO - Downloading AEGISLOG.NS
2026-05-27 16:10:01,330 - INFO - Saved: data\AEGISLOG.NS.csv
2026-05-27 16:10:01,330 - INFO - Downloading AEGISVOPAK.NS
2026-05-27 16:10:02,405 - INFO - Saved: data\AEGISVOPAK.NS.csv
2026-05-27 16:10:02,406 - INFO - Downloading AEPL.NS
2026-05-27 16:10:03,201 - INFO - Saved: data\AEPL.NS.csv
2026-05-27 16:10:03,202 - INFO - Downloading AEQUS.NS
2026-05-27 16:10:04,184 - INFO - Saved: data\AEQUS.NS.csv
2026-05-27 16:10:04,185 - INFO - Downloading AEROENTER.NS
2026-05-27 16:10:04,795 - INFO - Saved: data\AEROENTER.NS.csv
2026-05-27 16:10:04,796 - INFO - Downloading AEROFLEX.NS
2026-05-27 16:10:05,630 - INFO - Saved: data\AEROFLEX.NS.csv
2026-05-27 16:10:05,631 - INFO - Downloading AERONEU.NS
2026-05-27 16:10:06,496 - INFO - Saved: data\AERONEU.NS.csv
2026-05-27 16:10:06,496 - INFO - Downloading AETHER.NS
2026-05-27 16:10:07,242 - INFO - Saved: data\AETHER.NS.csv
2026-05-27 16:10:07,242 - INFO - Downloading AFCONS.NS
2026-05-27 16:10:08,023 - INFO - Saved: data\AFCONS.NS.csv
2026-05-27 16:10:08,023 - INFO - Downloading AFFLE.NS
2026-05-27 16:10:08,924 - INFO - Saved: data\AFFLE.NS.csv
2026-05-27 16:10:08,924 - INFO - Downloading AFFORDABLE.NS
2026-05-27 16:10:10,669 - INFO - Saved: data\AFFORDABLE.NS.csv
2026-05-27 16:10:10,670 - INFO - Downloading AFIL.NS
2026-05-27 16:10:12,625 - INFO - Saved: data\AFIL.NS.csv
2026-05-27 16:10:12,625 - INFO - Downloading AFSL.NS
2026-05-27 16:10:13,447 - INFO - Saved: data\AFSL.NS.csv
2026-05-27 16:10:13,448 - INFO - Downloading AGARIND.NS
2026-05-27 16:10:14,372 - INFO - Saved: data\AGARIND.NS.csv
2026-05-27 16:10:14,372 - INFO - Downloading AGARWALEYE.NS
2026-05-27 16:10:15,428 - INFO - Saved: data\AGARWALEYE.NS.csv
2026-05-27 16:10:15,428 - INFO - Downloading AGI.NS
2026-05-27 16:10:16,405 - INFO - Saved: data\AGI.NS.csv
2026-05-27 16:10:16,406 - INFO - Downloading AGIIL.NS
2026-05-27 16:10:17,185 - INFO - Saved: data\AGIIL.NS.csv
2026-05-27 16:10:17,185 - INFO - Downloading AGRITECH.NS
2026-05-27 16:10:18,326 - INFO - Saved: data\AGRITECH.NS.csv
2026-05-27 16:10:18,327 - INFO - Downloading AGROPHOS.NS
2026-05-27 16:10:19,183 - INFO - Saved: data\AGROPHOS.NS.csv
2026-05-27 16:10:19,183 - INFO - Downloading AHCL.NS
2026-05-27 16:10:20,040 - INFO - Saved: data\AHCL.NS.csv
2026-05-27 16:10:20,040 - INFO - Downloading AHLADA.NS
2026-05-27 16:10:20,947 - INFO - Saved: data\AHLADA.NS.csv
2026-05-27 16:10:20,947 - INFO - Downloading AHLEAST.NS
2026-05-27 16:10:21,776 - INFO - Saved: data\AHLEAST.NS.csv
2026-05-27 16:10:21,776 - INFO - Downloading AHLUCONT.NS
2026-05-27 16:10:22,789 - INFO - Saved: data\AHLUCONT.NS.csv
2026-05-27 16:10:22,789 - INFO - Downloading AHLWEST.NS
2026-05-27 16:10:23,525 - INFO - Saved: data\AHLWEST.NS.csv
2026-05-27 16:10:23,525 - INFO - Downloading AIAENG.NS
2026-05-27 16:10:24,387 - INFO - Saved: data\AIAENG.NS.csv
2026-05-27 16:10:24,387 - INFO - Downloading AIIL.NS
2026-05-27 16:10:25,302 - INFO - Saved: data\AIIL.NS.csv
2026-05-27 16:10:25,302 - INFO - Downloading AIRAN.NS
2026-05-27 16:10:26,071 - INFO - Saved: data\AIRAN.NS.csv
2026-05-27 16:10:26,072 - INFO - Downloading AIROLAM.NS
2026-05-27 16:10:26,606 - INFO - Saved: data\AIROLAM.NS.csv
2026-05-27 16:10:26,607 - INFO - Downloading AJANTPHARM.NS
2026-05-27 16:10:27,490 - INFO - Saved: data\AJANTPHARM.NS.csv
2026-05-27 16:10:27,490 - INFO - Downloading AJAXENGG.NS
2026-05-27 16:10:28,443 - INFO - Saved: data\AJAXENGG.NS.csv
2026-05-27 16:10:28,443 - INFO - Downloading AJMERA.NS
2026-05-27 16:10:29,286 - INFO - Saved: data\AJMERA.NS.csv
2026-05-27 16:10:29,286 - INFO - Downloading AJOONI.NS
2026-05-27 16:10:30,087 - INFO - Saved: data\AJOONI.NS.csv
2026-05-27 16:10:30,088 - INFO - Downloading AKASH.NS
2026-05-27 16:10:30,894 - INFO - Saved: data\AKASH.NS.csv
2026-05-27 16:10:30,894 - INFO - Downloading AKCAPIT.NS
2026-05-27 16:10:31,806 - INFO - Saved: data\AKCAPIT.NS.csv
2026-05-27 16:10:31,806 - INFO - Downloading AKG.NS
2026-05-27 16:10:32,784 - INFO - Saved: data\AKG.NS.csv
2026-05-27 16:10:32,784 - INFO - Downloading AKI.NS
2026-05-27 16:10:33,640 - INFO - Saved: data\AKI.NS.csv
2026-05-27 16:10:33,640 - INFO - Downloading AKSHAR.NS
2026-05-27 16:10:34,503 - INFO - Saved: data\AKSHAR.NS.csv
2026-05-27 16:10:34,504 - INFO - Downloading AKSHARCHEM.NS
2026-05-27 16:10:35,322 - INFO - Saved: data\AKSHARCHEM.NS.csv
2026-05-27 16:10:35,323 - INFO - Downloading AKSHOPTFBR.NS
2026-05-27 16:10:36,272 - INFO - Saved: data\AKSHOPTFBR.NS.csv
2026-05-27 16:10:36,272 - INFO - All individual CSV files downloaded successfully.
2026-05-27 16:40:02,047 - INFO - Downloading 20MICRONS.NS
2026-05-27 16:40:03,745 - INFO - Saved: data\2026-05-27_16-40-02\20MICRONS.NS.csv
2026-05-27 16:40:03,746 - INFO - Downloading 21STCENMGM.NS
2026-05-27 16:40:04,089 - INFO - Saved: data\2026-05-27_16-40-02\21STCENMGM.NS.csv
2026-05-27 16:40:04,091 - INFO - Downloading 360ONE.NS
2026-05-27 16:40:04,409 - INFO - Saved: data\2026-05-27_16-40-02\360ONE.NS.csv
2026-05-27 16:40:04,410 - INFO - Downloading 3BBLACKBIO.NS
2026-05-27 16:40:04,690 - INFO - Saved: data\2026-05-27_16-40-02\3BBLACKBIO.NS.csv
2026-05-27 16:40:04,690 - INFO - Downloading 3IINFOLTD.NS
2026-05-27 16:40:05,044 - INFO - Saved: data\2026-05-27_16-40-02\3IINFOLTD.NS.csv
2026-05-27 16:40:05,045 - INFO - Downloading 3MINDIA.NS
2026-05-27 16:40:05,337 - INFO - Saved: data\2026-05-27_16-40-02\3MINDIA.NS.csv
2026-05-27 16:40:05,339 - INFO - Downloading 3PLAND.NS
2026-05-27 16:40:05,686 - INFO - Saved: data\2026-05-27_16-40-02\3PLAND.NS.csv
2026-05-27 16:40:05,690 - INFO - Downloading 5PAISA.NS
2026-05-27 16:40:06,058 - INFO - Saved: data\2026-05-27_16-40-02\5PAISA.NS.csv
2026-05-27 16:40:06,059 - INFO - Downloading 63MOONS.NS
2026-05-27 16:40:06,436 - INFO - Saved: data\2026-05-27_16-40-02\63MOONS.NS.csv
2026-05-27 16:40:06,437 - INFO - Downloading A2ZINFRA.NS
2026-05-27 16:40:06,814 - INFO - Saved: data\2026-05-27_16-40-02\A2ZINFRA.NS.csv
2026-05-27 16:40:06,815 - INFO - Downloading AAATECH.NS
2026-05-27 16:40:07,150 - INFO - Saved: data\2026-05-27_16-40-02\AAATECH.NS.csv
2026-05-27 16:40:07,152 - INFO - Downloading AADHARHFC.NS
2026-05-27 16:40:07,504 - INFO - Saved: data\2026-05-27_16-40-02\AADHARHFC.NS.csv
2026-05-27 16:40:07,506 - INFO - Downloading AAKASH.NS
2026-05-27 16:40:07,899 - INFO - Saved: data\2026-05-27_16-40-02\AAKASH.NS.csv
2026-05-27 16:40:07,903 - INFO - Downloading AAREYDRUGS.NS
2026-05-27 16:40:08,283 - INFO - Saved: data\2026-05-27_16-40-02\AAREYDRUGS.NS.csv
2026-05-27 16:40:08,284 - INFO - Downloading AARNAV.NS
2026-05-27 16:40:08,624 - INFO - Saved: data\2026-05-27_16-40-02\AARNAV.NS.csv
2026-05-27 16:40:08,627 - INFO - Downloading AARON.NS
2026-05-27 16:40:08,995 - INFO - Saved: data\2026-05-27_16-40-02\AARON.NS.csv
2026-05-27 16:40:08,998 - INFO - Downloading AARTECH.NS
2026-05-27 16:40:09,391 - INFO - Saved: data\2026-05-27_16-40-02\AARTECH.NS.csv
2026-05-27 16:40:09,393 - INFO - Downloading AARTIDRUGS.NS
2026-05-27 16:40:09,795 - INFO - Saved: data\2026-05-27_16-40-02\AARTIDRUGS.NS.csv
2026-05-27 16:40:09,796 - INFO - Downloading AARTIIND.NS
2026-05-27 16:40:10,195 - INFO - Saved: data\2026-05-27_16-40-02\AARTIIND.NS.csv
2026-05-27 16:40:10,198 - INFO - Downloading AARTIPHARM.NS
2026-05-27 16:40:10,504 - INFO - Saved: data\2026-05-27_16-40-02\AARTIPHARM.NS.csv
2026-05-27 16:40:10,506 - INFO - Downloading AARTISURF.NS
2026-05-27 16:40:10,810 - INFO - Saved: data\2026-05-27_16-40-02\AARTISURF.NS.csv
2026-05-27 16:40:10,810 - INFO - Downloading AARVI.NS
2026-05-27 16:40:11,153 - INFO - Saved: data\2026-05-27_16-40-02\AARVI.NS.csv
2026-05-27 16:40:11,154 - INFO - Downloading AAVAS.NS
2026-05-27 16:40:11,560 - INFO - Saved: data\2026-05-27_16-40-02\AAVAS.NS.csv
2026-05-27 16:40:11,563 - INFO - Downloading ABANSENT.NS
2026-05-27 16:40:11,928 - INFO - Saved: data\2026-05-27_16-40-02\ABANSENT.NS.csv
2026-05-27 16:40:11,928 - INFO - Downloading ABB.NS
2026-05-27 16:40:12,410 - INFO - Saved: data\2026-05-27_16-40-02\ABB.NS.csv
2026-05-27 16:40:12,410 - INFO - Downloading ABBOTINDIA.NS
2026-05-27 16:40:12,866 - INFO - Saved: data\2026-05-27_16-40-02\ABBOTINDIA.NS.csv
2026-05-27 16:40:12,866 - INFO - Downloading ABCAPITAL.NS
2026-05-27 16:40:13,210 - INFO - Saved: data\2026-05-27_16-40-02\ABCAPITAL.NS.csv
2026-05-27 16:40:13,211 - INFO - Downloading ABCOTS.NS
2026-05-27 16:40:13,548 - INFO - Saved: data\2026-05-27_16-40-02\ABCOTS.NS.csv
2026-05-27 16:40:13,550 - INFO - Downloading ABDL.NS
2026-05-27 16:40:13,877 - INFO - Saved: data\2026-05-27_16-40-02\ABDL.NS.csv
2026-05-27 16:40:13,880 - INFO - Downloading ABFRL.NS
2026-05-27 16:40:14,190 - INFO - Saved: data\2026-05-27_16-40-02\ABFRL.NS.csv
2026-05-27 16:40:14,191 - INFO - Downloading ABINFRA.NS
2026-05-27 16:40:14,568 - INFO - Saved: data\2026-05-27_16-40-02\ABINFRA.NS.csv
2026-05-27 16:40:14,568 - INFO - Downloading ABLBL.NS
2026-05-27 16:40:14,973 - INFO - Saved: data\2026-05-27_16-40-02\ABLBL.NS.csv
2026-05-27 16:40:14,973 - INFO - Downloading ABMINTLLTD.NS
2026-05-27 16:40:15,294 - INFO - Saved: data\2026-05-27_16-40-02\ABMINTLLTD.NS.csv
2026-05-27 16:40:15,295 - INFO - Downloading ABMKNO.NS
2026-05-27 16:40:15,627 - INFO - Saved: data\2026-05-27_16-40-02\ABMKNO.NS.csv
2026-05-27 16:40:15,627 - INFO - Downloading ABREL.NS
2026-05-27 16:40:15,979 - INFO - Saved: data\2026-05-27_16-40-02\ABREL.NS.csv
2026-05-27 16:40:15,979 - INFO - Downloading ABSLAMC.NS
2026-05-27 16:40:16,261 - INFO - Saved: data\2026-05-27_16-40-02\ABSLAMC.NS.csv
2026-05-27 16:40:16,261 - INFO - Downloading ACC.NS
2026-05-27 16:40:16,613 - INFO - Saved: data\2026-05-27_16-40-02\ACC.NS.csv
2026-05-27 16:40:16,614 - INFO - Downloading ACCELYA.NS
2026-05-27 16:40:17,222 - INFO - Saved: data\2026-05-27_16-40-02\ACCELYA.NS.csv
2026-05-27 16:40:17,223 - INFO - Downloading ACCURACY.NS
2026-05-27 16:40:17,630 - INFO - Saved: data\2026-05-27_16-40-02\ACCURACY.NS.csv
2026-05-27 16:40:17,631 - INFO - Downloading ACE.NS
2026-05-27 16:40:17,962 - INFO - Saved: data\2026-05-27_16-40-02\ACE.NS.csv
2026-05-27 16:40:17,963 - INFO - Downloading ACEINTEG.NS
2026-05-27 16:40:18,325 - INFO - Saved: data\2026-05-27_16-40-02\ACEINTEG.NS.csv
2026-05-27 16:40:18,326 - INFO - Downloading ACI.NS
2026-05-27 16:40:18,633 - INFO - Saved: data\2026-05-27_16-40-02\ACI.NS.csv
2026-05-27 16:40:18,634 - INFO - Downloading ACL.NS
2026-05-27 16:40:18,938 - INFO - Saved: data\2026-05-27_16-40-02\ACL.NS.csv
2026-05-27 16:40:18,939 - INFO - Downloading ACMESOLAR.NS
2026-05-27 16:40:19,396 - INFO - Saved: data\2026-05-27_16-40-02\ACMESOLAR.NS.csv
2026-05-27 16:40:19,396 - INFO - Downloading ACSTECH.NS
2026-05-27 16:40:19,716 - INFO - Saved: data\2026-05-27_16-40-02\ACSTECH.NS.csv
2026-05-27 16:40:19,717 - INFO - Downloading ACUTAAS.NS
2026-05-27 16:40:20,034 - INFO - Saved: data\2026-05-27_16-40-02\ACUTAAS.NS.csv
2026-05-27 16:40:20,034 - INFO - Downloading ADANIENSOL.NS
2026-05-27 16:40:20,364 - INFO - Saved: data\2026-05-27_16-40-02\ADANIENSOL.NS.csv
2026-05-27 16:40:20,365 - INFO - Downloading ADANIENT.NS
2026-05-27 16:40:20,716 - INFO - Saved: data\2026-05-27_16-40-02\ADANIENT.NS.csv
2026-05-27 16:40:20,717 - INFO - Downloading ADANIGREEN.NS
2026-05-27 16:40:21,028 - INFO - Saved: data\2026-05-27_16-40-02\ADANIGREEN.NS.csv
2026-05-27 16:40:21,029 - INFO - Downloading ADANIPORTS.NS
2026-05-27 16:40:21,382 - INFO - Saved: data\2026-05-27_16-40-02\ADANIPORTS.NS.csv
2026-05-27 16:40:21,384 - INFO - Downloading ADANIPOWER.NS
2026-05-27 16:40:21,799 - INFO - Saved: data\2026-05-27_16-40-02\ADANIPOWER.NS.csv
2026-05-27 16:40:21,799 - INFO - Downloading ADFFOODS.NS
2026-05-27 16:40:22,098 - INFO - Saved: data\2026-05-27_16-40-02\ADFFOODS.NS.csv
2026-05-27 16:40:22,098 - INFO - Downloading ADL.NS
2026-05-27 16:40:22,436 - INFO - Saved: data\2026-05-27_16-40-02\ADL.NS.csv
2026-05-27 16:40:22,437 - INFO - Downloading ADOR.NS
2026-05-27 16:40:22,901 - INFO - Saved: data\2026-05-27_16-40-02\ADOR.NS.csv
2026-05-27 16:40:22,902 - INFO - Downloading ADROITINFO.NS
2026-05-27 16:40:23,266 - INFO - Saved: data\2026-05-27_16-40-02\ADROITINFO.NS.csv
2026-05-27 16:40:23,266 - INFO - Downloading ADSL.NS
2026-05-27 16:40:23,660 - INFO - Saved: data\2026-05-27_16-40-02\ADSL.NS.csv
2026-05-27 16:40:23,661 - INFO - Downloading ADVAIT.NS
2026-05-27 16:40:23,972 - INFO - Saved: data\2026-05-27_16-40-02\ADVAIT.NS.csv
2026-05-27 16:40:23,972 - INFO - Downloading ADVANCE.NS
2026-05-27 16:40:24,272 - INFO - Saved: data\2026-05-27_16-40-02\ADVANCE.NS.csv
2026-05-27 16:40:24,272 - INFO - Downloading ADVANIHOTR.NS
2026-05-27 16:40:24,651 - INFO - Saved: data\2026-05-27_16-40-02\ADVANIHOTR.NS.csv
2026-05-27 16:40:24,651 - INFO - Downloading ADVENTHTL.NS
2026-05-27 16:40:25,022 - INFO - Saved: data\2026-05-27_16-40-02\ADVENTHTL.NS.csv
2026-05-27 16:40:25,023 - INFO - Downloading ADVENZYMES.NS
2026-05-27 16:40:25,370 - INFO - Saved: data\2026-05-27_16-40-02\ADVENZYMES.NS.csv
2026-05-27 16:40:25,370 - INFO - Downloading AEGISLOG.NS
2026-05-27 16:40:25,669 - INFO - Saved: data\2026-05-27_16-40-02\AEGISLOG.NS.csv
2026-05-27 16:40:25,670 - INFO - Downloading AEGISVOPAK.NS
2026-05-27 16:40:25,928 - INFO - Saved: data\2026-05-27_16-40-02\AEGISVOPAK.NS.csv
2026-05-27 16:40:25,929 - INFO - Downloading AEPL.NS
2026-05-27 16:40:26,270 - INFO - Saved: data\2026-05-27_16-40-02\AEPL.NS.csv
2026-05-27 16:40:26,270 - INFO - Downloading AEQUS.NS
2026-05-27 16:40:26,573 - INFO - Saved: data\2026-05-27_16-40-02\AEQUS.NS.csv
2026-05-27 16:40:26,573 - INFO - Downloading AEROENTER.NS
2026-05-27 16:40:26,947 - INFO - Saved: data\2026-05-27_16-40-02\AEROENTER.NS.csv
2026-05-27 16:40:26,947 - INFO - Downloading AEROFLEX.NS
2026-05-27 16:40:27,304 - INFO - Saved: data\2026-05-27_16-40-02\AEROFLEX.NS.csv
2026-05-27 16:40:27,304 - INFO - Downloading AERONEU.NS
2026-05-27 16:40:27,628 - INFO - Saved: data\2026-05-27_16-40-02\AERONEU.NS.csv
2026-05-27 16:40:27,628 - INFO - Downloading AETHER.NS
2026-05-27 16:40:27,995 - INFO - Saved: data\2026-05-27_16-40-02\AETHER.NS.csv
2026-05-27 16:40:27,996 - INFO - Downloading AFCONS.NS
2026-05-27 16:40:29,606 - INFO - Saved: data\2026-05-27_16-40-02\AFCONS.NS.csv
2026-05-27 16:40:29,607 - INFO - Downloading AFFLE.NS
2026-05-27 16:40:29,945 - INFO - Saved: data\2026-05-27_16-40-02\AFFLE.NS.csv
2026-05-27 16:40:29,946 - INFO - Downloading AFFORDABLE.NS
2026-05-27 16:40:30,273 - INFO - Saved: data\2026-05-27_16-40-02\AFFORDABLE.NS.csv
2026-05-27 16:40:30,273 - INFO - Downloading AFIL.NS
2026-05-27 16:40:30,603 - INFO - Saved: data\2026-05-27_16-40-02\AFIL.NS.csv
2026-05-27 16:40:30,604 - INFO - Downloading AFSL.NS
2026-05-27 16:40:30,912 - INFO - Saved: data\2026-05-27_16-40-02\AFSL.NS.csv
2026-05-27 16:40:30,912 - INFO - Downloading AGARIND.NS
2026-05-27 16:40:31,275 - INFO - Saved: data\2026-05-27_16-40-02\AGARIND.NS.csv
2026-05-27 16:40:31,276 - INFO - Downloading AGARWALEYE.NS
2026-05-27 16:40:31,677 - INFO - Saved: data\2026-05-27_16-40-02\AGARWALEYE.NS.csv
2026-05-27 16:40:31,677 - INFO - Downloading AGI.NS
2026-05-27 16:40:31,999 - INFO - Saved: data\2026-05-27_16-40-02\AGI.NS.csv
2026-05-27 16:40:31,999 - INFO - Downloading AGIIL.NS
2026-05-27 16:40:32,323 - INFO - Saved: data\2026-05-27_16-40-02\AGIIL.NS.csv
2026-05-27 16:40:32,323 - INFO - Downloading AGRITECH.NS
2026-05-27 16:40:32,628 - INFO - Saved: data\2026-05-27_16-40-02\AGRITECH.NS.csv
2026-05-27 16:40:32,628 - INFO - Downloading AGROPHOS.NS
2026-05-27 16:40:32,924 - INFO - Saved: data\2026-05-27_16-40-02\AGROPHOS.NS.csv
2026-05-27 16:40:32,924 - INFO - Downloading AHCL.NS
2026-05-27 16:40:33,327 - INFO - Saved: data\2026-05-27_16-40-02\AHCL.NS.csv
2026-05-27 16:40:33,327 - INFO - Downloading AHLADA.NS
2026-05-27 16:40:33,748 - INFO - Saved: data\2026-05-27_16-40-02\AHLADA.NS.csv
2026-05-27 16:40:33,748 - INFO - Downloading AHLEAST.NS
2026-05-27 16:40:34,355 - INFO - Saved: data\2026-05-27_16-40-02\AHLEAST.NS.csv
2026-05-27 16:40:34,355 - INFO - Downloading AHLUCONT.NS
2026-05-27 16:40:34,768 - INFO - Saved: data\2026-05-27_16-40-02\AHLUCONT.NS.csv
2026-05-27 16:40:34,768 - INFO - Downloading AHLWEST.NS
2026-05-27 16:40:35,096 - INFO - Saved: data\2026-05-27_16-40-02\AHLWEST.NS.csv
2026-05-27 16:40:35,096 - INFO - Downloading AIAENG.NS
2026-05-27 16:40:35,447 - INFO - Saved: data\2026-05-27_16-40-02\AIAENG.NS.csv
2026-05-27 16:40:35,447 - INFO - Downloading AIIL.NS
2026-05-27 16:40:35,723 - INFO - Saved: data\2026-05-27_16-40-02\AIIL.NS.csv
2026-05-27 16:40:35,723 - INFO - Downloading AIRAN.NS
2026-05-27 16:40:36,073 - INFO - Saved: data\2026-05-27_16-40-02\AIRAN.NS.csv
2026-05-27 16:40:36,073 - INFO - Downloading AIROLAM.NS
2026-05-27 16:40:36,340 - INFO - Saved: data\2026-05-27_16-40-02\AIROLAM.NS.csv
2026-05-27 16:40:36,341 - INFO - Downloading AJANTPHARM.NS
2026-05-27 16:40:36,704 - INFO - Saved: data\2026-05-27_16-40-02\AJANTPHARM.NS.csv
2026-05-27 16:40:36,705 - INFO - Downloading AJAXENGG.NS
2026-05-27 16:40:37,108 - INFO - Saved: data\2026-05-27_16-40-02\AJAXENGG.NS.csv
2026-05-27 16:40:37,109 - INFO - Downloading AJMERA.NS
2026-05-27 16:40:37,432 - INFO - Saved: data\2026-05-27_16-40-02\AJMERA.NS.csv
2026-05-27 16:40:37,432 - INFO - Downloading AJOONI.NS
2026-05-27 16:40:37,745 - INFO - Saved: data\2026-05-27_16-40-02\AJOONI.NS.csv
2026-05-27 16:40:37,745 - INFO - Downloading AKASH.NS
2026-05-27 16:40:38,120 - INFO - Saved: data\2026-05-27_16-40-02\AKASH.NS.csv
2026-05-27 16:40:38,122 - INFO - Downloading AKCAPIT.NS
2026-05-27 16:40:38,591 - INFO - Saved: data\2026-05-27_16-40-02\AKCAPIT.NS.csv
2026-05-27 16:40:38,591 - INFO - Downloading AKG.NS
2026-05-27 16:40:38,897 - INFO - Saved: data\2026-05-27_16-40-02\AKG.NS.csv
2026-05-27 16:40:38,995 - INFO - Downloading AKI.NS
2026-05-27 16:40:39,340 - INFO - Saved: data\2026-05-27_16-40-02\AKI.NS.csv
2026-05-27 16:40:39,340 - INFO - Downloading AKSHAR.NS
2026-05-27 16:40:39,725 - INFO - Saved: data\2026-05-27_16-40-02\AKSHAR.NS.csv
2026-05-27 16:40:39,725 - INFO - Downloading AKSHARCHEM.NS
2026-05-27 16:40:39,993 - INFO - Saved: data\2026-05-27_16-40-02\AKSHARCHEM.NS.csv
2026-05-27 16:40:39,993 - INFO - Downloading AKSHOPTFBR.NS
2026-05-27 16:40:40,412 - INFO - Saved: data\2026-05-27_16-40-02\AKSHOPTFBR.NS.csv
2026-05-27 16:40:40,412 - INFO - All individual CSV files downloaded successfully.
